../Core/Src/main.c:90:6:HAL_I2SEx_TxRxHalfCpltCallback	16	static
../Core/Src/main.c:97:6:HAL_I2SEx_TxRxCpltCallback	16	static
../Core/Src/main.c:104:6:zera_buffer	16	static
../Core/Src/main.c:112:6:HAL_ADC_ConvHalfCpltCallback	16	static
../Core/Src/main.c:119:6:HAL_ADC_ConvCpltCallback	16	static
../Core/Src/main.c:131:6:generateSineWave	48	static
../Core/Src/main.c:139:6:I2S_processData	16	static
../Core/Src/main.c:150:6:ADC_processData	16	static
../Core/Src/main.c:166:5:main	24	static
../Core/Src/main.c:247:6:SystemClock_Config	88	static
../Core/Src/main.c:293:13:MX_ADC1_Init	24	static
../Core/Src/main.c:345:13:MX_DAC_Init	16	static
../Core/Src/main.c:385:13:MX_I2C2_Init	8	static
../Core/Src/main.c:419:13:MX_I2S2_Init	8	static
../Core/Src/main.c:453:13:MX_TIM14_Init	8	static
../Core/Src/main.c:484:13:MX_USART1_UART_Init	8	static
../Core/Src/main.c:515:13:MX_DMA_Init	16	static
../Core/Src/main.c:543:13:MX_GPIO_Init	40	static
../Core/Src/main.c:576:6:HAL_TIM_PeriodElapsedCallback	16	static
../Core/Src/main.c:634:6:Error_Handler	4	static,ignoring_inline_asm
