../Core/Src/main.c:93:6:filter_init	24	static
../Core/Src/main.c:98:8:filter_update	40	static
../Core/Src/main.c:105:6:HAL_ADC_ConvHalfCpltCallback	16	static
../Core/Src/main.c:112:6:HAL_ADC_ConvCpltCallback	16	static
../Core/Src/main.c:119:6:ADC_processData	48	static
../Core/Src/main.c:144:5:main	40	static
../Core/Src/main.c:213:6:SystemClock_Config	88	static
../Core/Src/main.c:259:13:MX_ADC1_Init	24	static
../Core/Src/main.c:311:13:MX_DAC_Init	16	static
../Core/Src/main.c:351:13:MX_I2C2_Init	8	static
../Core/Src/main.c:385:13:MX_I2S2_Init	8	static
../Core/Src/main.c:419:13:MX_TIM2_Init	32	static
../Core/Src/main.c:464:13:MX_TIM14_Init	8	static
../Core/Src/main.c:495:13:MX_USART1_UART_Init	8	static
../Core/Src/main.c:526:13:MX_DMA_Init	16	static
../Core/Src/main.c:554:13:MX_GPIO_Init	40	static
../Core/Src/main.c:587:6:HAL_TIM_PeriodElapsedCallback	16	static
../Core/Src/main.c:651:6:Error_Handler	4	static,ignoring_inline_asm
